// Jest Snapshot v1, https://goo.gl/fbAQLP

exports[`Forecast Summary List renders list correctly 1`] = `
<DocumentFragment>
  <div
    class="forecast-summary-list"
  >
    <div
      class="forecast-summary"
      data-testid="forecast-summary"
    >
      <div
        class="forecast-summary_date"
      >
        1111111
      </div>
      <div
        class="forecast-summary_icon"
        data-testid="forecast-icon"
      >
        stubIcon
      </div>
      <div
        class="forecast-summary_temperature"
      >
        22°C
      </div>
      <div
        class="forecast-summary_description"
      >
        Stub description
      </div>
    </div>
    <div
      class="forecast-summary"
      data-testid="forecast-summary"
    >
      <div
        class="forecast-summary_date"
      >
        1111112
      </div>
      <div
        class="forecast-summary_icon"
        data-testid="forecast-icon"
      >
        stubIcon
      </div>
      <div
        class="forecast-summary_temperature"
      >
        22°C
      </div>
      <div
        class="forecast-summary_description"
      >
        Stub description
      </div>
    </div>
    <div
      class="forecast-summary"
      data-testid="forecast-summary"
    >
      <div
        class="forecast-summary_date"
      >
        1111113
      </div>
      <div
        class="forecast-summary_icon"
        data-testid="forecast-icon"
      >
        stubIcon
      </div>
      <div
        class="forecast-summary_temperature"
      >
        22°C
      </div>
      <div
        class="forecast-summary_description"
      >
        Stub description
      </div>
    </div>
    <div
      class="forecast-summary"
      data-testid="forecast-summary"
    >
      <div
        class="forecast-summary_date"
      >
        1111114
      </div>
      <div
        class="forecast-summary_icon"
        data-testid="forecast-icon"
      >
        stubIcon
      </div>
      <div
        class="forecast-summary_temperature"
      >
        22°C
      </div>
      <div
        class="forecast-summary_description"
      >
        Stub description
      </div>
    </div>
    <div
      class="forecast-summary"
      data-testid="forecast-summary"
    >
      <div
        class="forecast-summary_date"
      >
        1111115
      </div>
      <div
        class="forecast-summary_icon"
        data-testid="forecast-icon"
      >
        stubIcon
      </div>
      <div
        class="forecast-summary_temperature"
      >
        22°C
      </div>
      <div
        class="forecast-summary_description"
      >
        Stub description
      </div>
    </div>
  </div>
</DocumentFragment>
`;
